Initialisation check: true
Combined check: true
Circuit analysis:
  Component count (mapped + unmapped) -  16 (15 + 1)
  Area of mapped components -  176.0
  Driver pin count (combinational + sequential + undefined) -  16 (15 + 1 + 0)
  Literal count combinational / sequential (set + reset) -  30 / 6 (3 + 3)
  Port count (input + output) -  11 (6 + 5)
  Max fanin / fanout -  4 / 4
  Fanin distribution [0 / 1 / 2 ...] -  0 / 8 / 3 / 1 / 4
  Fanout distribution [0 / 1 / 2 ...] -  0 / 11 / 8 / 1 / 2
  Isolated components / ports / pins -  0 / 0 / 0
