checkCircuitCombined(work) - combined check of the Circuit 'work' for deadlock freeness, conformation to environment and output persistency
checkCircuitConformation(work) - check the Circuit 'work' for conformation to environment
checkCircuitDeadlockFreeness(work) - check the Circuit 'work' for deadlock freeness
checkCircuitOutputPersistency(work) - check the Circuit 'work' for output persistency
checkCircuitStrictImplementation(work) - check the Circuit 'work' for strict implementation of its signals according to the environment
checkStgCombined(work) - combined check of the STG 'work' for consistency, deadlock freeness, input properness and output persistency
checkStgConsistency(work) - check the STG 'work' for consistency
checkStgCsc(work) - check the STG 'work' for complete state coding
checkStgDeadlockFreeness(work) - check the STG (or Petri net) 'work' for deadlock freeness
checkStgDiInterface(work) - check the STG 'work' for delay-insensitive interface
checkStgInputProperness(work) - check the STG 'work' for input properness
checkStgMutexImplementability(work) - check the STG 'work' for implementability of its mutex places
checkStgNormalcy(work) - check the STG 'work' for normalcy
checkStgOutputPersistency(work) - check the STG 'work' for output persistency
checkStgUsc(work) - check the STG 'work' for unique state coding