exportCircuitVerilog - export the specified Circuit 'work' as a Verilog netlist .v 'fileName'
exportDfsVerilog - export the specified DFS 'work' as a Verilog netlist .v 'fileName'
exportDot - export the specified 'work' as a GraphViz (*.dot) 'fileName'
exportEps - export the specified 'work' as an Encapsulated PostScript (*.eps) 'fileName'
exportFstSg - export the specified FST 'work' as a State Graph (*.sg) 'fileName'
exportPdf - export the specified 'work' as a Portable Document Format (*.pdf) 'fileName'
exportPng - export the specified 'work' as a Portable Network Graphics (*.png) 'fileName'
exportPs - export the specified 'work' as a PostScript (*.ps) 'fileName'
exportStgG - export the specified STG 'work' as a Signal Transition Graph (*.g) 'fileName'
exportStgLpn - export the specified STG 'work' as a Labeled Petri Net (*.lpn) 'fileName'
exportSvg - export the specified 'work' as a Scalable Vector Graphics (*.svg) 'fileName'