resetCircuitClearForceInit(work) - clear force init for all input ports and output pins in the Circuit 'work'
resetCircuitForceInitInputPorts(work) - force init all input ports in the Circuit 'work'  (environment must initialise them)
resetCircuitForceInitSelfLoops(work) - force init all self-loops in the Circuit 'work'
resetCircuitForceInitSequentialGates(work) - force init all sequential gates in the Circuit 'work'
resetCircuitInsertActiveHigh(work) - insert active-high reset into the Circuit 'work'
resetCircuitInsertActiveLow(work) - insert active-low reset into the Circuit 'work'
resetCircuitProcessNecessaryForceInitPins(work) - add force init to pins if necessary to complete initialisation of the Circuit 'work'
resetCircuitProcessRedundantForceInitPins(work) - remove force init from pins if redundant for initialisation of the Circuit 'work'