resetCircuitClearRedundantForceInitPins(work) - clear redundant force init from pins of the Circuit 'work'
resetCircuitCompleteForceInitPins(work) - complete initialisation by adding force init to pins of the Circuit 'work'
resetCircuitInsertActiveHigh(work) - insert active-high reset into the Circuit 'work'
resetCircuitInsertActiveLow(work) - insert active-low reset into the Circuit 'work'
resetCircuitTagForceInitInputPorts(work) - tag force init for all inputs in the Circuit 'work'
resetCircuitTagForceInitSelfLoops(work) - tag force init for all self-loops in the Circuit 'work'
resetCircuitTagForceInitSequentialGates(work) - tag force init for all sequential gates in the Circuit 'work'
resetCircuitUntagForceInitInputPorts(work) - untag force init for all inputs in the Circuit 'work'
resetCircuitUntagForceInitSelfLoops(work) - untag force init for all self-loops in the Circuit 'work'
resetCircuitUntagForceInitSequentialGates(work) - untag force init for all sequential gates in the Circuit 'work'