transformCircuitContractComponent(work) - transform the given Circuit 'work' by contracting selected single-input/single-output components
transformCircuitContractJoint(work) - transform the given Circuit 'work' by contracting selected (or all) joints
transformCircuitDetachJoint(work) - transform the given Circuit 'work' by detaching selected (or all joints)
transformCircuitDissolveJoint(work) - transform the given Circuit 'work' by dissolving selected (or all) joints
transformCircuitInsertBuffer(work) - transform the given Circuit 'work' by inserting buffers into selected wires
transformCircuitPropagateInversion(work) - transform the given Circuit 'work' by propagating inversion through selected (or all) gates
transformCircuitSplitGate(work) - transform the given Circuit 'work' by splitting selected (or all) complex gates into simple gates
transformCircuitToggleBubble(work) - transform the given Circuit 'work' by toggling inversion of selected contacts and outputs of selected components
transformCircuitToggleZeroDelay(work) - transform the given Circuit 'work' by toggling zero delay of selected inverters and buffers
transformDfsContractComponent(work) -  transform the given DFS 'work' by contracting selected components
transformDfsMergeComponent(work) -  transform the given DFS 'work' by merging selected components
transformDfsWagging2Way(work) - transform the given DFS 'work' by applying 2-way wagging to the selected pipeline section
transformDfsWagging3Way(work) - transform the given DFS 'work' by applying 3-way wagging to the selected pipeline section
transformDfsWagging4Way(work) - transform the given DFS 'work' by applying 4-way wagging to the selected pipeline section
transformFsmContractState(work) - transform the given FSM or FST 'work' by contracting selected states
transformFsmMergeState(work) - transform the given FSM or FST 'work' by merging selected states
transformModelCopyLabel(work) - transform the given 'work' by copying unique names of the selected (or all) nodes into their labels
transformModelStraightenConnection(work) - transform the given 'work' by straightening selected (or all) arcs
transformPetriCollapseProxy(work) - transform the given Petri net (or derived model, e.g.STG) 'work' by collapsing selected (or all) proxy places
transformPetriContractTransition(work) - transform the given Petri net 'work' by contracting a selected transition
transformPetriDirectedArcToReadArc(work) - transform the given Petri net (or derived model, e.g.STG) 'work' by converting selected arcs to read-arcs
transformPetriDualArcToReadArc(work) - transform the given Petri net (or derived model, e.g.STG) 'work' by converting selected (or all) dual producing/consuming arcs to read-arcs
transformPetriMergePlace(work) - transform the given Petri net (or derived model, e.g.STG) 'work' by merging selected places
transformPetriMergeTransition(work) - transform the given Petri net 'work' by merging selected transitions
transformPetriProxyDirectedArcPlace(work) - transform the given Petri net (or derived model, e.g.STG) 'work' by creating proxies for selected producing/consuming arc places
transformPetriProxyReadArcPlace(work) - transform the given Petri net (or derived model, e.g.STG) 'work' by creating selected (or all) proxies for read-arc places
transformPetriReadArcToDualArc(work) - transform the given Petri net (or derived model, e.g.STG) 'work' by converting selected (or all) read-arcs to dual producing/consuming arcs
transformPolicyBundleTransitions(work) - transform the given Policy net 'work' by bundling selected transition
transformStgContractNamedTransition(work) - transform the given STG 'work' by contracting a selected transition
transformStgDummyToSignalTransition(work) - transform the given STG 'work' by converting selected dummies to signal transitions
transformStgExpandHandshake(work) - transform the given STG 'work' by expanding selected handshake transitions
transformStgExpandHandshakeReqAck(work) - transform the given STG 'work' by expanding selected handshake transitions by adding _req and _ack suffixes
transformStgExplicitPlace(work) - transform the given STG 'work' by making selected (or all) places explicit
transformStgImplicitPlace(work) - transform the given STG 'work' by making selected (or all) places implicit
transformStgInsertDummy(work) - transform the given STG 'work' by inserting dummies into selected arcs
transformStgMergeTransition(work) - transform the given STG 'work' by merging selected transitions
transformStgMirrorSignal(work) - transform the given STG 'work' by mirroring selected (or all) signals
transformStgMirrorTransition(work) - transform the given STG 'work' by mirroring selected (or all) transition sign
transformStgSelectAllSignalTransitions(work) - select all transitions of selected signals in the given STG 'work'
transformStgSignalToDummyTransition(work) - transform the given STG 'work' by converting selected signal transitions to dummies
transformWtgStructureWaveform(work) - transform the given WTG 'work' by structuring the waveforms