Circuit analysis:
  Component count (mapped + unmapped) -  11 (11 + 0)
  Area of mapped components -  156.0
  Driver pin count (combinational + sequential + undefined) -  11 (11 + 0 + 0)
  Literal count combinational / sequential (set + reset) -  25 / 0 (0 + 0)
  Port count (input + output) -  6 (3 + 3)
  Isolated components / ports / pins -  0 / 0 / 0
